// Jest Snapshot v1, https://goo.gl/fbAQLP

exports[`logoutAction test suite dispatches logout action 1`] = `
Array [
  Object {
    "type": "LOG_OUT_SUCCESS",
  },
]
`;
