// Jest Snapshot v1, https://goo.gl/fbAQLP

exports[`<Wrapper> should render  1`] = `
<main
  className="main-body"
>
  <section
    className="wrapper min-vh-100"
  >
    <div
      className="container"
    >
      <p>
        Hello
      </p>
    </div>
  </section>
</main>
`;
