// Jest Snapshot v1, https://goo.gl/fbAQLP

exports[`<ResetPasswordForm /> should take a snapshot of the component 1`] = `
<div
  className="background min-vh-100"
>
  <div
    className="container-fluid"
  >
    <div
      className="row"
    >
      <div
        className="login"
      >
        <div
          className="col-xs-12 col-sm-6 col-md-6 col-lg-6"
        >
          <div
            className="login__nav"
          >
            <Link
              href="/"
              replace={false}
              to="/"
            >
              ‚Üê
            </Link>
          </div>
          <div
            className="login__content"
          >
            <div
              className="login__intro"
            >
              <h3
                className="text-center"
              >
                Reset Password
              </h3>
              <p>
                Please fill in your new password to gain access to your account.
              </p>
            </div>
            <div
              className="login__input__section"
            >
              <form
                className="reset-password-form"
                onSubmit={[Function]}
              >
                <div
                  className="form-group"
                >
                  <div
                    className="login__input__field"
                  >
                    <label
                      htmlFor="email"
                    >
                      New Password
                    </label>
                    <input
                      className="form-control"
                      id="password"
                      name="password"
                      onChange={[Function]}
                      type="password"
                    />
                  </div>
                  <div
                    className="login__input__field"
                  >
                    <div
                      className="login__forgot-password"
                    >
                      <label
                        htmlFor="password"
                      >
                        Confirm Password
                      </label>
                    </div>
                    <input
                      className="form-control"
                      id="confirm_password"
                      name="confirmPassword"
                      onChange={[Function]}
                      required={true}
                      type="password"
                    />
                  </div>
                  <div>
                    <button
                      className="form-control login__btn--large"
                      type="submit"
                    >
                      Reset Password
                    </button>
                  </div>
                </div>
              </form>
            </div>
          </div>
        </div>
        <div
          className="d-none d-sm-flex col-sm-6 col-md-6 col-lg-6 banner"
        >
          <div
            className="login__banner"
          >
            <div
              className="login__banner__content"
            >
              <hr />
              <div>
                <h3>
                  Hello,
                </h3>
                <p>
                  Log in to your account to start reading and writing beautiful articles.
                </p>
              </div>
            </div>
          </div>
        </div>
      </div>
    </div>
  </div>
</div>
`;
