// Jest Snapshot v1, https://goo.gl/fbAQLP

exports[`<Wrapper> should render without crashing 1`] = `ShallowWrapper {}`;
