// Jest Snapshot v1, https://goo.gl/fbAQLP

exports[`<Articles Test Suite> <Articles> It should render succesfully 1`] = `
<div
  className="container"
>
  <div
    className="row"
  >
    <div
      className="col-lg-4 col-sm-6"
      key="1"
    >
      <div
        className="article"
      >
        <Link
          className="link-surface"
          replace={false}
          to="/article/undefined"
        />
        <div
          className="article-cover"
        >
          <img
            alt="article"
            className="article-cover-img"
            src="https://images.unsplash.com/photo-1478358161113-b0e11994a36b?ixlib=rb-1.2.1&ixid=eyJhcHBfaWQiOjEyMDd9&auto=format&fit=crop&w=800&q=60"
          />
        </div>
        <div
          className="article-item"
        >
          <span
            className="article-category"
          >
            Technology
          </span>
          <h4>
            New article title
          </h4>
          <p>
            This is the article description
          </p>
          <div
            className="article-author"
          >
            <img
              alt="article"
            />
            <div>
              <h6>
                @Andra
              </h6>
              <span>
                almost NaN years ago
              </span>
              <span
                className="article-author-dot"
              />
              <span />
              <i
                className="fas fa-bookmark transition"
              />
            </div>
          </div>
        </div>
      </div>
    </div>
  </div>
</div>
`;
