// Jest Snapshot v1, https://goo.gl/fbAQLP

exports[`<Authors Test Suite> <Authors> It should render succesfully 1`] = `ShallowWrapper {}`;
