// Jest Snapshot v1, https://goo.gl/fbAQLP

exports[`<Category Test Suite> <Category> It should render succesfully 1`] = `ShallowWrapper {}`;
