// Jest Snapshot v1, https://goo.gl/fbAQLP

exports[`<CreateArticleContainer /> should render <CreateArticleContainer /> component given the props 1`] = `
<ContextConsumer>
  <Component />
</ContextConsumer>
`;
