// Jest Snapshot v1, https://goo.gl/fbAQLP

exports[`<EditProfileContainer> should render without crashing 1`] = `ReactWrapper {}`;
