// Jest Snapshot v1, https://goo.gl/fbAQLP

exports[`<Pagination Test Suite> <Pagination> It should render connected pagination succesfully 1`] = `
<Provider
  store={
    Object {
      "dispatch": [Function],
      "getState": [Function],
      "replaceReducer": [Function],
      "subscribe": [Function],
      Symbol(observable): [Function],
    }
  }
>
  <MemoryRouter>
    <Router
      history={
        Object {
          "action": "POP",
          "block": [Function],
          "canGo": [Function],
          "createHref": [Function],
          "entries": Array [
            Object {
              "hash": "",
              "key": "ra7mav",
              "pathname": "/",
              "search": "",
              "state": undefined,
            },
          ],
          "go": [Function],
          "goBack": [Function],
          "goForward": [Function],
          "index": 0,
          "length": 1,
          "listen": [Function],
          "location": Object {
            "hash": "",
            "key": "ra7mav",
            "pathname": "/",
            "search": "",
            "state": undefined,
          },
          "push": [Function],
          "replace": [Function],
        }
      }
    >
      <Connect(Pagination)
        getArticles={[MockFunction]}
        last={4}
      >
        <Pagination
          description=""
          getArticles={[Function]}
          last={1}
        >
          <div
            className="container"
          >
            <PaginationBoxView
              activeClassName="active"
              breakClassName="pagination-list"
              breakLabel="..."
              breakLinkClassName="pagination-anchor-tag"
              containerClassName="pagination justify-content-center mt-5"
              disableInitialCallback={false}
              disabledClassName="disabled"
              marginPagesDisplayed={2}
              nextClassName="next"
              nextLabel={
                <i
                  className="fas fa-chevron-right"
                />
              }
              onPageChange={[Function]}
              pageClassName="pagination-list"
              pageCount={1}
              pageLinkClassName="pagination-anchor-tag"
              pageRangeDisplayed={5}
              previousClassName="previous"
              previousLabel={
                <i
                  className="fas fa-chevron-left"
                />
              }
              subContainerClassName="pages pagination"
            >
              <ul
                className="pagination justify-content-center mt-5"
              >
                <li
                  className="previous disabled"
                >
                  <a
                    aria-disabled="true"
                    onClick={[Function]}
                    onKeyPress={[Function]}
                    role="button"
                    tabIndex="0"
                  >
                    <i
                      className="fas fa-chevron-left"
                    />
                  </a>
                </li>
                <PageView
                  activeClassName="active"
                  key="0"
                  onClick={[Function]}
                  page={1}
                  pageClassName="pagination-list"
                  pageLinkClassName="pagination-anchor-tag"
                  selected={true}
                >
                  <li
                    className="pagination-list active"
                  >
                    <a
                      aria-current="page"
                      aria-label="Page 1 is your current page"
                      className="pagination-anchor-tag"
                      onClick={[Function]}
                      onKeyPress={[Function]}
                      role="button"
                      tabIndex="0"
                    >
                      1
                    </a>
                  </li>
                </PageView>
                <li
                  className="next disabled"
                >
                  <a
                    aria-disabled="true"
                    onClick={[Function]}
                    onKeyPress={[Function]}
                    role="button"
                    tabIndex="0"
                  >
                    <i
                      className="fas fa-chevron-right"
                    />
                  </a>
                </li>
              </ul>
            </PaginationBoxView>
          </div>
        </Pagination>
      </Connect(Pagination)>
    </Router>
  </MemoryRouter>
</Provider>
`;
