// Jest Snapshot v1, https://goo.gl/fbAQLP

exports[`<ProfileHeaderContainer> should render without crashing 1`] = `ReactWrapper {}`;
