// Jest Snapshot v1, https://goo.gl/fbAQLP

exports[`<ReportArticle Test Suite> <ReportArticle> It should render succesfully 1`] = `
<ContextConsumer>
  <Component />
</ContextConsumer>
`;
