// Jest Snapshot v1, https://goo.gl/fbAQLP

exports[`<ResetPassword Test Suite> It should render succesfully when user is not logged in 1`] = `
<ResetPasswordForm
  handleSubmit={[Function]}
  updateInput={[Function]}
/>
`;
