// Jest Snapshot v1, https://goo.gl/fbAQLP

exports[`<UpdateUserPassword Test Suite> It should render succesfully when user is not logged in 1`] = `
<UpdatePassword
  handleSubmit={[Function]}
  updateInput={[Function]}
/>
`;
