// Jest Snapshot v1, https://goo.gl/fbAQLP

exports[`<DashboardContainer> should render 1`] = `
<Fragment>
  <Connect(ProfileHeaderContainer)
    activePage="DASHBOARD"
  />
  <Dashboard />
</Fragment>
`;
