// Jest Snapshot v1, https://goo.gl/fbAQLP

exports[`<SettingsContainer> should render 1`] = `
<Fragment>
  <Connect(ProfileHeaderContainer)
    activePage="SETTINGS"
  />
  <Settings />
</Fragment>
`;
